
> planny@0.1.0 build
> prisma generate && next build

node.exe : Loaded 
Prisma config from 
prisma.config.ts.
At C:\Program Files\no
dejs\npm.ps1:29 char:3
+   & $NODE_EXE 
$NPM_CLI_JS $args
+   ~~~~~~~~~~~~~~~~~~
~~~~~~~~~~~
    + CategoryInfo    
          : NotSpeci  
  fied: (Loaded Pri   
 sma c...isma.conf    
ig.ts.:String) []    
, RemoteException
    + FullyQualifiedE 
   rrorId : NativeCo  
  mmandError
 

Prisma schema loaded 
from 
prisma\schema.prisma.
ΓöîΓöÇΓöÇΓöÇΓöÇΓöÇΓöÇΓ
öÇΓöÇΓöÇΓöÇΓöÇΓöÇΓöÇΓö
ÇΓöÇΓöÇΓöÇΓöÇΓöÇΓöÇΓöÇ
ΓöÇΓöÇΓöÇΓöÇΓöÇΓöÇΓöÇΓ
öÇΓöÇΓöÇΓöÇΓöÇΓöÇΓöÇΓö
ÇΓöÇΓöÇΓöÇΓöÇΓöÇΓöÇΓöÇ
ΓöÇΓöÇΓöÇΓöÇΓöÇΓöÇΓöÇΓ
öÇΓöÇΓöÇΓöÇΓöÇΓöÇΓöÇΓö
É
Γöé  Update available 
7.4.2 -> 7.5.0        
                Γöé
Γöé  Run the 
following to update   
                      
   Γöé
Γöé    npm i 
--save-dev 
prisma@latest         
              Γöé
Γöé    npm i 
@prisma/client@latest 
                      
   Γöé
ΓööΓöÇΓöÇΓöÇΓöÇΓöÇΓöÇΓ
öÇΓöÇΓöÇΓöÇΓöÇΓöÇΓöÇΓö
ÇΓöÇΓöÇΓöÇΓöÇΓöÇΓöÇΓöÇ
ΓöÇΓöÇΓöÇΓöÇΓöÇΓöÇΓöÇΓ
öÇΓöÇΓöÇΓöÇΓöÇΓöÇΓöÇΓö
ÇΓöÇΓöÇΓöÇΓöÇΓöÇΓöÇΓöÇ
ΓöÇΓöÇΓöÇΓöÇΓöÇΓöÇΓöÇΓ
öÇΓöÇΓöÇΓöÇΓöÇΓöÇΓöÇΓö
ÿ

Γ£ö Generated Prisma Client (v7.4.2) to .\node_modules\@prisma\client in 103ms

Start by importing your Prisma Client (See: https://pris.ly/d/importing-client)


Γû▓ Next.js 16.1.6 (Turbopack)
- Environments: .env

  Creating an optimized production build ...
Γ£ô Compiled successfully in 3.5s
  Running TypeScript ...
  Collecting page data using 11 workers ...
ΓÜá Using edge 
runtime on a page 
currently disables 
static generation for 
that page
  Generating static pages using 11 workers (0/11) ...
  Generating static pages using 11 workers (2/11) 
  Generating static pages using 11 workers (5/11) 
  Generating static pages using 11 workers (8/11) 
Γ£ô Generating static pages using 11 workers (11/11) in 410.0ms
  Finalizing page optimization ...

Route (app)
Γöî Γùï /
Γö£ Γùï /_not-found
Γö£ ╞Æ /api/auth/[...nextauth]
Γö£ ╞Æ /api/cron/ask
Γö£ ╞Æ /api/cron/send
Γö£ ╞Æ /api/cron/weekly
Γö£ ╞Æ /api/dev/test-email
Γö£ ╞Æ /api/og
Γö£ ╞Æ /api/payment/create-order
Γö£ ╞Æ /api/payment/verify
Γö£ ╞Æ /api/subscribe
Γö£ ╞Æ /api/tasks
Γö£ ╞Æ /api/tasks/toggle
Γö£ ╞Æ /api/user/status
Γö£ ╞Æ /calendar
Γö£ ╞Æ /dashboard
Γö£ Γùï /payment
Γö£ ╞Æ /plan
Γö£ Γùï /plan/success
Γö£ Γùï /privacy
Γö£ Γùï /sitemap.xml
Γöö Γùï /terms


Γùï  (Static)   prerendered as static content
╞Æ  (Dynamic)  server-rendered on demand

